Archive member included to satisfy reference by file (symbol)

C:/ST/STM32CubeIDE_1.19.0/STM32CubeIDE/plugins/com.st.stm32cube.ide.mcu.externaltools.gnu-tools-for-stm32.13.3.rel1.win32_1.0.0.202411081344/tools/bin/../lib/gcc/arm-none-eabi/13.3.1/../../../../arm-none-eabi/lib/thumb/v7e-m+fp/hard\libc_nano.a(libc_a-exit.o)
                              C:/ST/STM32CubeIDE_1.19.0/STM32CubeIDE/plugins/com.st.stm32cube.ide.mcu.externaltools.gnu-tools-for-stm32.13.3.rel1.win32_1.0.0.202411081344/tools/bin/../lib/gcc/arm-none-eabi/13.3.1/../../../../arm-none-eabi/lib/thumb/v7e-m+fp/hard/crt0.o (exit)
C:/ST/STM32CubeIDE_1.19.0/STM32CubeIDE/plugins/com.st.stm32cube.ide.mcu.externaltools.gnu-tools-for-stm32.13.3.rel1.win32_1.0.0.202411081344/tools/bin/../lib/gcc/arm-none-eabi/13.3.1/../../../../arm-none-eabi/lib/thumb/v7e-m+fp/hard\libc_nano.a(libc_a-findfp.o)
                              C:/ST/STM32CubeIDE_1.19.0/STM32CubeIDE/plugins/com.st.stm32cube.ide.mcu.externaltools.gnu-tools-for-stm32.13.3.rel1.win32_1.0.0.202411081344/tools/bin/../lib/gcc/arm-none-eabi/13.3.1/../../../../arm-none-eabi/lib/thumb/v7e-m+fp/hard\libc_nano.a(libc_a-exit.o) (__stdio_exit_handler)
C:/ST/STM32CubeIDE_1.19.0/STM32CubeIDE/plugins/com.st.stm32cube.ide.mcu.externaltools.gnu-tools-for-stm32.13.3.rel1.win32_1.0.0.202411081344/tools/bin/../lib/gcc/arm-none-eabi/13.3.1/../../../../arm-none-eabi/lib/thumb/v7e-m+fp/hard\libc_nano.a(libc_a-fwalk.o)
                              C:/ST/STM32CubeIDE_1.19.0/STM32CubeIDE/plugins/com.st.stm32cube.ide.mcu.externaltools.gnu-tools-for-stm32.13.3.rel1.win32_1.0.0.202411081344/tools/bin/../lib/gcc/arm-none-eabi/13.3.1/../../../../arm-none-eabi/lib/thumb/v7e-m+fp/hard\libc_nano.a(libc_a-findfp.o) (_fwalk_sglue)
C:/ST/STM32CubeIDE_1.19.0/STM32CubeIDE/plugins/com.st.stm32cube.ide.mcu.externaltools.gnu-tools-for-stm32.13.3.rel1.win32_1.0.0.202411081344/tools/bin/../lib/gcc/arm-none-eabi/13.3.1/../../../../arm-none-eabi/lib/thumb/v7e-m+fp/hard\libc_nano.a(libc_a-sprintf.o)
                              ./Core/Src/Functions.o (sprintf)
C:/ST/STM32CubeIDE_1.19.0/STM32CubeIDE/plugins/com.st.stm32cube.ide.mcu.externaltools.gnu-tools-for-stm32.13.3.rel1.win32_1.0.0.202411081344/tools/bin/../lib/gcc/arm-none-eabi/13.3.1/../../../../arm-none-eabi/lib/thumb/v7e-m+fp/hard\libc_nano.a(libc_a-stdio.o)
                              C:/ST/STM32CubeIDE_1.19.0/STM32CubeIDE/plugins/com.st.stm32cube.ide.mcu.externaltools.gnu-tools-for-stm32.13.3.rel1.win32_1.0.0.202411081344/tools/bin/../lib/gcc/arm-none-eabi/13.3.1/../../../../arm-none-eabi/lib/thumb/v7e-m+fp/hard\libc_nano.a(libc_a-findfp.o) (__sread)
C:/ST/STM32CubeIDE_1.19.0/STM32CubeIDE/plugins/com.st.stm32cube.ide.mcu.externaltools.gnu-tools-for-stm32.13.3.rel1.win32_1.0.0.202411081344/tools/bin/../lib/gcc/arm-none-eabi/13.3.1/../../../../arm-none-eabi/lib/thumb/v7e-m+fp/hard\libc_nano.a(libc_a-memset.o)
                              C:/ST/STM32CubeIDE_1.19.0/STM32CubeIDE/plugins/com.st.stm32cube.ide.mcu.externaltools.gnu-tools-for-stm32.13.3.rel1.win32_1.0.0.202411081344/tools/bin/../lib/gcc/arm-none-eabi/13.3.1/../../../../arm-none-eabi/lib/thumb/v7e-m+fp/hard/crt0.o (memset)
C:/ST/STM32CubeIDE_1.19.0/STM32CubeIDE/plugins/com.st.stm32cube.ide.mcu.externaltools.gnu-tools-for-stm32.13.3.rel1.win32_1.0.0.202411081344/tools/bin/../lib/gcc/arm-none-eabi/13.3.1/../../../../arm-none-eabi/lib/thumb/v7e-m+fp/hard\libc_nano.a(libc_a-closer.o)
                              C:/ST/STM32CubeIDE_1.19.0/STM32CubeIDE/plugins/com.st.stm32cube.ide.mcu.externaltools.gnu-tools-for-stm32.13.3.rel1.win32_1.0.0.202411081344/tools/bin/../lib/gcc/arm-none-eabi/13.3.1/../../../../arm-none-eabi/lib/thumb/v7e-m+fp/hard\libc_nano.a(libc_a-stdio.o) (_close_r)
C:/ST/STM32CubeIDE_1.19.0/STM32CubeIDE/plugins/com.st.stm32cube.ide.mcu.externaltools.gnu-tools-for-stm32.13.3.rel1.win32_1.0.0.202411081344/tools/bin/../lib/gcc/arm-none-eabi/13.3.1/../../../../arm-none-eabi/lib/thumb/v7e-m+fp/hard\libc_nano.a(libc_a-reent.o)
                              C:/ST/STM32CubeIDE_1.19.0/STM32CubeIDE/plugins/com.st.stm32cube.ide.mcu.externaltools.gnu-tools-for-stm32.13.3.rel1.win32_1.0.0.202411081344/tools/bin/../lib/gcc/arm-none-eabi/13.3.1/../../../../arm-none-eabi/lib/thumb/v7e-m+fp/hard\libc_nano.a(libc_a-closer.o) (errno)
C:/ST/STM32CubeIDE_1.19.0/STM32CubeIDE/plugins/com.st.stm32cube.ide.mcu.externaltools.gnu-tools-for-stm32.13.3.rel1.win32_1.0.0.202411081344/tools/bin/../lib/gcc/arm-none-eabi/13.3.1/../../../../arm-none-eabi/lib/thumb/v7e-m+fp/hard\libc_nano.a(libc_a-impure.o)
                              C:/ST/STM32CubeIDE_1.19.0/STM32CubeIDE/plugins/com.st.stm32cube.ide.mcu.externaltools.gnu-tools-for-stm32.13.3.rel1.win32_1.0.0.202411081344/tools/bin/../lib/gcc/arm-none-eabi/13.3.1/../../../../arm-none-eabi/lib/thumb/v7e-m+fp/hard\libc_nano.a(libc_a-sprintf.o) (_impure_ptr)
[...]
Memory Configuration

Name             Origin             Length             Attributes
RAM              0x20000000         0x00018000         xrw
FLASH            0x08000000         0x00080000         xr
*default*        0x00000000         0xffffffff

Linker script and memory map

LOAD C:/ST/STM32CubeIDE_1.19.0/STM32CubeIDE/plugins/com.st.stm32cube.ide.mcu.externaltools.gnu-tools-for-stm32.13.3.rel1.win32_1.0.0.202411081344/tools/bin/../lib/gcc/arm-none-eabi/13.3.1/thumb/v7e-m+fp/hard/crti.o
LOAD C:/ST/STM32CubeIDE_1.19.0/STM32CubeIDE/plugins/com.st.stm32cube.ide.mcu.externaltools.gnu-tools-for-stm32.13.3.rel1.win32_1.0.0.202411081344/tools/bin/../lib/gcc/arm-none-eabi/13.3.1/thumb/v7e-m+fp/hard/crtbegin.o
LOAD C:/ST/STM32CubeIDE_1.19.0/STM32CubeIDE/plugins/com.st.stm32cube.ide.mcu.externaltools.gnu-tools-for-stm32.13.3.rel1.win32_1.0.0.202411081344/tools/bin/../lib/gcc/arm-none-eabi/13.3.1/../../../../arm-none-eabi/lib/thumb/v7e-m+fp/hard/crt0.o
LOAD ./Core/Src/Functions.o
LOAD ./Core/Src/LCD.o
LOAD ./Core/Src/USART.o
LOAD ./Core/Src/initialization.o
LOAD ./Core/Src/main.o
LOAD ./Core/Src/stm32f4xx_hal_msp.o
LOAD ./Core/Src/stm32f4xx_it.o
LOAD ./Core/Src/syscalls.o
LOAD ./Core/Src/sysmem.o
LOAD ./Core/Src/system_stm32f4xx.o
LOAD ./Core/Startup/startup_stm32f401retx.o
LOAD ./Drivers/STM32F4xx_HAL_Driver/Src/stm32f4xx_hal.o
LOAD ./Drivers/STM32F4xx_HAL_Driver/Src/stm32f4xx_hal_cortex.o
LOAD ./Drivers/STM32F4xx_HAL_Driver/Src/stm32f4xx_hal_dma.o
LOAD ./Drivers/STM32F4xx_HAL_Driver/Src/stm32f4xx_hal_dma_ex.o
LOAD ./Drivers/STM32F4xx_HAL_Driver/Src/stm32f4xx_hal_exti.o
LOAD ./Drivers/STM32F4xx_HAL_Driver/Src/stm32f4xx_hal_flash.o
LOAD ./Drivers/STM32F4xx_HAL_Driver/Src/stm32f4xx_hal_flash_ex.o
LOAD ./Drivers/STM32F4xx_HAL_Driver/Src/stm32f4xx_hal_flash_ramfunc.o
LOAD ./Drivers/STM32F4xx_HAL_Driver/Src/stm32f4xx_hal_gpio.o
LOAD ./Drivers/STM32F4xx_HAL_Driver/Src/stm32f4xx_hal_pwr.o
LOAD ./Drivers/STM32F4xx_HAL_Driver/Src/stm32f4xx_hal_pwr_ex.o
LOAD ./Drivers/STM32F4xx_HAL_Driver/Src/stm32f4xx_hal_rcc.o
LOAD ./Drivers/STM32F4xx_HAL_Driver/Src/stm32f4xx_hal_rcc_ex.o
START GROUP
LOAD C:/ST/STM32CubeIDE_1.19.0/STM32CubeIDE/plugins/com.st.stm32cube.ide.mcu.externaltools.gnu-tools-for-stm32.13.3.rel1.win32_1.0.0.202411081344/tools/bin/../lib/gcc/arm-none-eabi/13.3.1/../../../../arm-none-eabi/lib/thumb/v7e-m+fp/hard\libc_nano.a
LOAD C:/ST/STM32CubeIDE_1.19.0/STM32CubeIDE/plugins/com.st.stm32cube.ide.mcu.externaltools.gnu-tools-for-stm32.13.3.rel1.win32_1.0.0.202411081344/tools/bin/../lib/gcc/arm-none-eabi/13.3.1/../../../../arm-none-eabi/lib/thumb/v7e-m+fp/hard\libm.a
END GROUP
START GROUP
LOAD C:/ST/STM32CubeIDE_1.19.0/STM32CubeIDE/plugins/com.st.stm32cube.ide.mcu.externaltools.gnu-tools-for-stm32.13.3.rel1.win32_1.0.0.202411081344/tools/bin/../lib/gcc/arm-none-eabi/13.3.1/thumb/v7e-m+fp/hard\libgcc.a
LOAD C:/ST/STM32CubeIDE_1.19.0/STM32CubeIDE/plugins/com.st.stm32cube.ide.mcu.externaltools.gnu-tools-for-stm32.13.3.rel1.win32_1.0.0.202411081344/tools/bin/../lib/gcc/arm-none-eabi/13.3.1/../../../../arm-none-eabi/lib/thumb/v7e-m+fp/hard\libc_nano.a
END GROUP
START GROUP
LOAD C:/ST/STM32CubeIDE_1.19.0/STM32CubeIDE/plugins/com.st.stm32cube.ide.mcu.externaltools.gnu-tools-for-stm32.13.3.rel1.win32_1.0.0.202411081344/tools/bin/../lib/gcc/arm-none-eabi/13.3.1/thumb/v7e-m+fp/hard\libgcc.a
LOAD C:/ST/STM32CubeIDE_1.19.0/STM32CubeIDE/plugins/com.st.stm32cube.ide.mcu.externaltools.gnu-tools-for-stm32.13.3.rel1.win32_1.0.0.202411081344/tools/bin/../lib/gcc/arm-none-eabi/13.3.1/../../../../arm-none-eabi/lib/thumb/v7e-m+fp/hard\libc_nano.a
LOAD C:/ST/STM32CubeIDE_1.19.0/STM32CubeIDE/plugins/com.st.stm32cube.ide.mcu.externaltools.gnu-tools-for-stm32.13.3.rel1.win32_1.0.0.202411081344/tools/bin/../lib/gcc/arm-none-eabi/13.3.1/../../../../arm-none-eabi/lib/thumb/v7e-m+fp/hard\libnosys.a
END GROUP
START GROUP
LOAD C:/ST/STM32CubeIDE_1.19.0/STM32CubeIDE/plugins/com.st.stm32cube.ide.mcu.externaltools.gnu-tools-for-stm32.13.3.rel1.win32_1.0.0.202411081344/tools/bin/../lib/gcc/arm-none-eabi/13.3.1/thumb/v7e-m+fp/hard\libgcc.a
LOAD C:/ST/STM32CubeIDE_1.19.0/STM32CubeIDE/plugins/com.st.stm32cube.ide.mcu.externaltools.gnu-tools-for-stm32.13.3.rel1.win32_1.0.0.202411081344/tools/bin/../lib/gcc/arm-none-eabi/13.3.1/../../../../arm-none-eabi/lib/thumb/v7e-m+fp/hard\libc_nano.a
LOAD C:/ST/STM32CubeIDE_1.19.0/STM32CubeIDE/plugins/com.st.stm32cube.ide.mcu.externaltools.gnu-tools-for-stm32.13.3.rel1.win32_1.0.0.202411081344/tools/bin/../lib/gcc/arm-none-eabi/13.3.1/../../../../arm-none-eabi/lib/thumb/v7e-m+fp/hard\libnosys.a
END GROUP
LOAD C:/ST/STM32CubeIDE_1.19.0/STM32CubeIDE/plugins/com.st.stm32cube.ide.mcu.externaltools.gnu-tools-for-stm32.13.3.rel1.win32_1.0.0.202411081344/tools/bin/../lib/gcc/arm-none-eabi/13.3.1/thumb/v7e-m+fp/hard/crtend.o
LOAD C:/ST/STM32CubeIDE_1.19.0/STM32CubeIDE/plugins/com.st.stm32cube.ide.mcu.externaltools.gnu-tools-for-stm32.13.3.rel1.win32_1.0.0.202411081344/tools/bin/../lib/gcc/arm-none-eabi/13.3.1/thumb/v7e-m+fp/hard/crtn.o
                0x20018000                        _estack = (ORIGIN (RAM) + LENGTH (RAM))
                0x00000200                        _Min_Heap_Size = 0x200
                0x00000400                        _Min_Stack_Size = 0x400

.isr_vector     0x08000000      0x194
                0x08000000                        . = ALIGN (0x4)
 *(.isr_vector)
 .isr_vector    0x08000000      0x194 ./Core/Startup/startup_stm32f401retx.o
                0x08000000                g_pfnVectors
                0x08000194                        . = ALIGN (0x4)

.text           0x08000194     0x1fb4
                0x08000194                        . = ALIGN (0x4)
 *(.text)
 .text          0x08000194       0x40 C:/ST/STM32CubeIDE_1.19.0/STM32CubeIDE/plugins/com.st.stm32cube.ide.mcu.externaltools.gnu-tools-for-stm32.13.3.rel1.win32_1.0.0.202411081344/tools/bin/../lib/gcc/arm-none-eabi/13.3.1/thumb/v7e-m+fp/hard/crtbegin.o
 .text          0x080001d4       0x30 C:/ST/STM32CubeIDE_1.19.0/STM32CubeIDE/plugins/com.st.stm32cube.ide.mcu.externaltools.gnu-tools-for-stm32.13.3.rel1.win32_1.0.0.202411081344/tools/bin/../lib/gcc/arm-none-eabi/13.3.1/thumb/v7e-m+fp/hard\libgcc.a(_aeabi_uldivmod.o)
                0x080001d4                __aeabi_uldivmod
 .text          0x08000204      0x2f8 C:/ST/STM32CubeIDE_1.19.0/STM32CubeIDE/plugins/com.st.stm32cube.ide.mcu.externaltools.gnu-tools-for-stm32.13.3.rel1.win32_1.0.0.202411081344/tools/bin/../lib/gcc/arm-none-eabi/13.3.1/thumb/v7e-m+fp/hard\libgcc.a(_udivmoddi4.o)
                0x08000204                __udivmoddi4
 .text          0x080004fc        0x4 C:/ST/STM32CubeIDE_1.19.0/STM32CubeIDE/plugins/com.st.stm32cube.ide.mcu.externaltools.gnu-tools-for-stm32.13.3.rel1.win32_1.0.0.202411081344/tools/bin/../lib/gcc/arm-none-eabi/13.3.1/thumb/v7e-m+fp/hard\libgcc.a(_dvmd_tls.o)
                0x080004fc                __aeabi_idiv0
                0x080004fc                __aeabi_ldiv0
 *(.text*)
 .text.timer_arr
                0x08000500       0x88 ./Core/Src/Functions.o
                0x08000500                timer_arr
 .text.timer    0x08000588       0x34 ./Core/Src/Functions.o
                0x08000588                timer
 .text.read_btn_pa4
                0x080005bc       0x24 ./Core/Src/LCD.o
                0x080005bc                read_btn_pa4
 .text.read_btn_pa5
                0x080005e0       0x24 ./Core/Src/LCD.o
                0x080005e0                read_btn_pa5
 .text.delay_ms
                0x08000604       0x32 ./Core/Src/LCD.o
                0x08000604                delay_ms
 *fill*         0x08000636        0x2 
 .text.i2c_write
                0x08000638       0x88 ./Core/Src/LCD.o
                0x08000638                i2c_write
 .text.lcd_pulse
                0x080006c0       0x44 ./Core/Src/LCD.o
                0x080006c0                lcd_pulse
 .text.lcd_send_nibble
                0x08000704       0x38 ./Core/Src/LCD.o
                0x08000704                lcd_send_nibble
 .text.lcd_send_byte
                0x0800073c       0x3a ./Core/Src/LCD.o
                0x0800073c                lcd_send_byte
 .text.lcd_cmd  0x08000776       0x22 ./Core/Src/LCD.o
                0x08000776                lcd_cmd
 .text.lcd_data
                0x08000798       0x22 ./Core/Src/LCD.o
                0x08000798                lcd_data
 .text.lcd_init
                0x080007ba       0x58 ./Core/Src/LCD.o
                0x080007ba                lcd_init
 .text.lcd_set_cursor
                0x08000812       0x38 ./Core/Src/LCD.o
                0x08000812                lcd_set_cursor
 .text.lcd_print
                0x0800084a       0x2a ./Core/Src/LCD.o
                0x0800084a                lcd_print
 .text.menu_show_main
                0x08000874       0x34 ./Core/Src/LCD.o
                0x08000874                menu_show_main
 .text.menu_show_drip
                0x080008a8       0x34 ./Core/Src/LCD.o
                0x080008a8                menu_show_drip
 .text.menu_show_fan
                0x080008dc       0x34 ./Core/Src/LCD.o
                0x080008dc                menu_show_fan
 .text.menu_show_message
                0x08000910       0x24 ./Core/Src/LCD.o
                0x08000910                menu_show_message
 .text.process_menu
                0x08000934      0x1a8 ./Core/Src/LCD.o
                0x08000934                process_menu
 .text.__NVIC_EnableIRQ
                0x08000adc       0x3c ./Core/Src/initialization.o
 .text.__NVIC_SetPriority
                0x08000b18       0x54 ./Core/Src/initialization.o
 .text.__NVIC_SystemReset
                0x08000b6c       0x2c ./Core/Src/initialization.o
 .text.test_led
                0x08000b98       0x44 ./Core/Src/initialization.o
                0x08000b98                test_led
 .text.GPIO_configuration
                0x08000bdc      0x110 ./Core/Src/initialization.o
                0x08000bdc                GPIO_configuration
 .text.EXTI0_IRQHandler
                0x08000cec       0xb4 ./Core/Src/initialization.o
                0x08000cec                EXTI0_IRQHandler
 .text.EXTI1_IRQHandler
                0x08000da0       0xbc ./Core/Src/initialization.o
                0x08000da0                EXTI1_IRQHandler
 .text.EXTI9_5_IRQHandler
                0x08000e5c       0xd0 ./Core/Src/initialization.o
                0x08000e5c                EXTI9_5_IRQHandler
 .text.serial_init
                0x08000f2c       0x60 ./Core/Src/initialization.o
                0x08000f2c                serial_init
 .text.demux_select
                0x08000f8c       0x7c ./Core/Src/initialization.o
                0x08000f8c                demux_select
 .text.run_progress_timer
                0x08001008       0xbc ./Core/Src/initialization.o
                0x08001008                run_progress_timer
 .text.RTC_configuration
                0x080010c4      0x144 ./Core/Src/initialization.o
                0x080010c4                RTC_configuration
 .text.RTC_intrupt
                0x08001208      0x160 ./Core/Src/initialization.o
                0x08001208                RTC_intrupt
 .text.RTC_Alarm_IRQHandler
                0x08001368       0x70 ./Core/Src/initialization.o
                0x08001368                RTC_Alarm_IRQHandler
 .text.main     0x080013d8      0x108 ./Core/Src/main.o
                0x080013d8                main
 .text.SystemClock_Config
                0x080014e0       0xc0 ./Core/Src/main.o
                0x080014e0                SystemClock_Config
 .text.Error_Handler
                0x080015a0        0xc ./Core/Src/main.o
                0x080015a0                Error_Handler
 .text.NMI_Handler
                0x080015ac        0x8 ./Core/Src/stm32f4xx_it.o
                0x080015ac                NMI_Handler
 .text.HardFault_Handler
                0x080015b4        0x8 ./Core/Src/stm32f4xx_it.o
                0x080015b4                HardFault_Handler
 .text.MemManage_Handler
                0x080015bc        0x8 ./Core/Src/stm32f4xx_it.o
                0x080015bc                MemManage_Handler
 .text.BusFault_Handler
                0x080015c4        0x8 ./Core/Src/stm32f4xx_it.o
                0x080015c4                BusFault_Handler
 .text.UsageFault_Handler
                0x080015cc        0x8 ./Core/Src/stm32f4xx_it.o
                0x080015cc                UsageFault_Handler
 .text.SVC_Handler
                0x080015d4        0xe ./Core/Src/stm32f4xx_it.o
                0x080015d4                SVC_Handler
 .text.DebugMon_Handler
                0x080015e2        0xe ./Core/Src/stm32f4xx_it.o
                0x080015e2                DebugMon_Handler
 .text.PendSV_Handler
                0x080015f0        0xe ./Core/Src/stm32f4xx_it.o
                0x080015f0                PendSV_Handler
 .text.SysTick_Handler
                0x080015fe        0xc ./Core/Src/stm32f4xx_it.o
                0x080015fe                SysTick_Handler
 *fill*         0x0800160a        0x2 
 .text.SystemInit
                0x0800160c       0x24 ./Core/Src/system_stm32f4xx.o
                0x0800160c                SystemInit
 .text.Reset_Handler
                0x08001630       0x50 ./Core/Startup/startup_stm32f401retx.o
                0x08001630                Reset_Handler
 .text.Default_Handler
                0x08001680        0x2 ./Core/Startup/startup_stm32f401retx.o
                0x08001680                EXTI2_IRQHandler
                0x08001680                SPI4_IRQHandler
                0x08001680                TIM1_CC_IRQHandler
                0x08001680                DMA2_Stream5_IRQHandler
                0x08001680                DMA1_Stream5_IRQHandler
                0x08001680                PVD_IRQHandler
                0x08001680                SDIO_IRQHandler
                0x08001680                TAMP_STAMP_IRQHandler
                0x08001680                EXTI3_IRQHandler
                0x08001680                TIM1_UP_TIM10_IRQHandler
                0x08001680                I2C3_ER_IRQHandler
                0x08001680                I2C2_EV_IRQHandler
                0x08001680                DMA1_Stream2_IRQHandler
                0x08001680                FPU_IRQHandler
                0x08001680                DMA2_Stream2_IRQHandler
                0x08001680                SPI1_IRQHandler
                0x08001680                TIM1_BRK_TIM9_IRQHandler
                0x08001680                DMA2_Stream3_IRQHandler
                0x08001680                USART6_IRQHandler
                0x08001680                DMA2_Stream0_IRQHandler
                0x08001680                TIM4_IRQHandler
                0x08001680                I2C1_EV_IRQHandler
                0x08001680                DMA1_Stream6_IRQHandler
                0x08001680                DMA1_Stream1_IRQHandler
                0x08001680                TIM3_IRQHandler
                0x08001680                RCC_IRQHandler
                0x08001680                Default_Handler
                0x08001680                EXTI15_10_IRQHandler
                0x08001680                ADC_IRQHandler
                0x08001680                DMA1_Stream7_IRQHandler
                0x08001680                TIM5_IRQHandler
                0x08001680                DMA2_Stream7_IRQHandler
                0x08001680                I2C3_EV_IRQHandler
                0x08001680                RTC_WKUP_IRQHandler
                0x08001680                SPI2_IRQHandler
                0x08001680                DMA1_Stream0_IRQHandler
                0x08001680                EXTI4_IRQHandler
                0x08001680                WWDG_IRQHandler
                0x08001680                TIM2_IRQHandler
                0x08001680                OTG_FS_WKUP_IRQHandler
                0x08001680                TIM1_TRG_COM_TIM11_IRQHandler
                0x08001680                USART2_IRQHandler
                0x08001680                I2C2_ER_IRQHandler
                0x08001680                DMA2_Stream1_IRQHandler
                0x08001680                FLASH_IRQHandler
                0x08001680                DMA2_Stream4_IRQHandler
                0x08001680                USART1_IRQHandler
                0x08001680                OTG_FS_IRQHandler
                0x08001680                SPI3_IRQHandler
                0x08001680                DMA1_Stream4_IRQHandler
                0x08001680                I2C1_ER_IRQHandler
                0x08001680                DMA2_Stream6_IRQHandler
                0x08001680                DMA1_Stream3_IRQHandler
 *fill*         0x08001682        0x2 
 .text.HAL_InitTick
                0x08001684       0x60 ./Drivers/STM32F4xx_HAL_Driver/Src/stm32f4xx_hal.o
                0x08001684                HAL_InitTick
 .text.HAL_IncTick
                0x080016e4       0x28 ./Drivers/STM32F4xx_HAL_Driver/Src/stm32f4xx_hal.o
                0x080016e4                HAL_IncTick
 .text.HAL_GetTick
                0x0800170c       0x18 ./Drivers/STM32F4xx_HAL_Driver/Src/stm32f4xx_hal.o
                0x0800170c                HAL_GetTick
 .text.__NVIC_GetPriorityGrouping
                0x08001724       0x1c ./Drivers/STM32F4xx_HAL_Driver/Src/stm32f4xx_hal_cortex.o
 .text.__NVIC_SetPriority
                0x08001740       0x54 ./Drivers/STM32F4xx_HAL_Driver/Src/stm32f4xx_hal_cortex.o
 .text.NVIC_EncodePriority
                0x08001794       0x66 ./Drivers/STM32F4xx_HAL_Driver/Src/stm32f4xx_hal_cortex.o
 *fill*         0x080017fa        0x2 
 .text.SysTick_Config
                0x080017fc       0x44 ./Drivers/STM32F4xx_HAL_Driver/Src/stm32f4xx_hal_cortex.o
 .text.HAL_NVIC_SetPriority
                0x08001840       0x38 ./Drivers/STM32F4xx_HAL_Driver/Src/stm32f4xx_hal_cortex.o
                0x08001840                HAL_NVIC_SetPriority
 .text.HAL_SYSTICK_Config
                0x08001878       0x18 ./Drivers/STM32F4xx_HAL_Driver/Src/stm32f4xx_hal_cortex.o
                0x08001878                HAL_SYSTICK_Config
 .text.HAL_RCC_OscConfig
                0x08001890      0x4f0 ./Drivers/STM32F4xx_HAL_Driver/Src/stm32f4xx_hal_rcc.o
                0x08001890                HAL_RCC_OscConfig
 .text.HAL_RCC_ClockConfig
                0x08001d80      0x1cc ./Drivers/STM32F4xx_HAL_Driver/Src/stm32f4xx_hal_rcc.o
                0x08001d80                HAL_RCC_ClockConfig
 .text.HAL_RCC_GetSysClockFreq
                0x08001f4c      0x18c ./Drivers/STM32F4xx_HAL_Driver/Src/stm32f4xx_hal_rcc.o
                0x08001f4c                HAL_RCC_GetSysClockFreq
 .text.memset   0x080020d8       0x10 C:/ST/STM32CubeIDE_1.19.0/STM32CubeIDE/plugins/com.st.stm32cube.ide.mcu.externaltools.gnu-tools-for-stm32.13.3.rel1.win32_1.0.0.202411081344/tools/bin/../lib/gcc/arm-none-eabi/13.3.1/../../../../arm-none-eabi/lib/thumb/v7e-m+fp/hard\libc_nano.a(libc_a-memset.o)
                0x080020d8                memset
 .text.__libc_init_array
                0x080020e8       0x48 C:/ST/STM32CubeIDE_1.19.0/STM32CubeIDE/plugins/com.st.stm32cube.ide.mcu.externaltools.gnu-tools-for-stm32.13.3.rel1.win32_1.0.0.202411081344/tools/bin/../lib/gcc/arm-none-eabi/13.3.1/../../../../arm-none-eabi/lib/thumb/v7e-m+fp/hard\libc_nano.a(libc_a-init.o)
                0x080020e8                __libc_init_array
 *(.glue_7)
 .glue_7        0x08002130        0x0 linker stubs
 *(.glue_7t)
 .glue_7t       0x08002130        0x0 linker stubs
 *(.eh_frame)
 .eh_frame      0x08002130        0x0 C:/ST/STM32CubeIDE_1.19.0/STM32CubeIDE/plugins/com.st.stm32cube.ide.mcu.externaltools.gnu-tools-for-stm32.13.3.rel1.win32_1.0.0.202411081344/tools/bin/../lib/gcc/arm-none-eabi/13.3.1/thumb/v7e-m+fp/hard/crtbegin.o
 *(.init)
 .init          0x08002130        0x4 C:/ST/STM32CubeIDE_1.19.0/STM32CubeIDE/plugins/com.st.stm32cube.ide.mcu.externaltools.gnu-tools-for-stm32.13.3.rel1.win32_1.0.0.202411081344/tools/bin/../lib/gcc/arm-none-eabi/13.3.1/thumb/v7e-m+fp/hard/crti.o
                0x08002130                _init
 .init          0x08002134        0x8 C:/ST/STM32CubeIDE_1.19.0/STM32CubeIDE/plugins/com.st.stm32cube.ide.mcu.externaltools.gnu-tools-for-stm32.13.3.rel1.win32_1.0.0.202411081344/tools/bin/../lib/gcc/arm-none-eabi/13.3.1/thumb/v7e-m+fp/hard/crtn.o
 *(.fini)
 .fini          0x0800213c        0x4 C:/ST/STM32CubeIDE_1.19.0/STM32CubeIDE/plugins/com.st.stm32cube.ide.mcu.externaltools.gnu-tools-for-stm32.13.3.rel1.win32_1.0.0.202411081344/tools/bin/../lib/gcc/arm-none-eabi/13.3.1/thumb/v7e-m+fp/hard/crti.o
                0x0800213c                _fini
 .fini          0x08002140        0x8 C:/ST/STM32CubeIDE_1.19.0/STM32CubeIDE/plugins/com.st.stm32cube.ide.mcu.externaltools.gnu-tools-for-stm32.13.3.rel1.win32_1.0.0.202411081344/tools/bin/../lib/gcc/arm-none-eabi/13.3.1/thumb/v7e-m+fp/hard/crtn.o
                0x08002148                        . = ALIGN (0x4)
                0x08002148                        _etext = .

.vfp11_veneer   0x08002148        0x0
 .vfp11_veneer  0x08002148        0x0 linker stubs

.v4_bx          0x08002148        0x0
 .v4_bx         0x08002148        0x0 linker stubs

.iplt           0x08002148        0x0
 .iplt          0x08002148        0x0 C:/ST/STM32CubeIDE_1.19.0/STM32CubeIDE/plugins/com.st.stm32cube.ide.mcu.externaltools.gnu-tools-for-stm32.13.3.rel1.win32_1.0.0.202411081344/tools/bin/../lib/gcc/arm-none-eabi/13.3.1/thumb/v7e-m+fp/hard/crtbegin.o

.rodata         0x08002148       0xf8
                0x08002148                        . = ALIGN (0x4)
 *(.rodata)
 .rodata        0x08002148       0xac ./Core/Src/LCD.o
 .rodata        0x080021f4       0x3b ./Core/Src/initialization.o
 *(.rodata*)
 *fill*         0x0800222f        0x1 
 .rodata.AHBPrescTable
                0x08002230       0x10 ./Core/Src/system_stm32f4xx.o
                0x08002230                AHBPrescTable
                0x08002240                        . = ALIGN (0x4)

.ARM.extab      0x08002240        0x0
                0x08002240                        . = ALIGN (0x4)
 *(.ARM.extab* .gnu.linkonce.armextab.*)
                0x08002240                        . = ALIGN (0x4)

.ARM            0x08002240        0x8
                0x08002240                        . = ALIGN (0x4)
                0x08002240                        __exidx_start = .
 *(.ARM.exidx*)
 .ARM.exidx     0x08002240        0x8 C:/ST/STM32CubeIDE_1.19.0/STM32CubeIDE/plugins/com.st.stm32cube.ide.mcu.externaltools.gnu-tools-for-stm32.13.3.rel1.win32_1.0.0.202411081344/tools/bin/../lib/gcc/arm-none-eabi/13.3.1/thumb/v7e-m+fp/hard\libgcc.a(_udivmoddi4.o)
                0x08002248                        __exidx_end = .
                0x08002248                        . = ALIGN (0x4)

.preinit_array  0x08002248        0x0
                0x08002248                        . = ALIGN (0x4)
                0x08002248                        PROVIDE (__preinit_array_start = .)
 *(.preinit_array*)
                0x08002248                        PROVIDE (__preinit_array_end = .)
                0x08002248                        . = ALIGN (0x4)

.init_array     0x08002248        0x4
                0x08002248                        . = ALIGN (0x4)
                0x08002248                        PROVIDE (__init_array_start = .)
 *(SORT_BY_NAME(.init_array.*))
 *(.init_array*)
 .init_array    0x08002248        0x4 C:/ST/STM32CubeIDE_1.19.0/STM32CubeIDE/plugins/com.st.stm32cube.ide.mcu.externaltools.gnu-tools-for-stm32.13.3.rel1.win32_1.0.0.202411081344/tools/bin/../lib/gcc/arm-none-eabi/13.3.1/thumb/v7e-m+fp/hard/crtbegin.o
                0x0800224c                        PROVIDE (__init_array_end = .)
                0x0800224c                        . = ALIGN (0x4)

.fini_array     0x0800224c        0x4
                0x0800224c                        . = ALIGN (0x4)
                [!provide]                        PROVIDE (__fini_array_start = .)
 *(SORT_BY_NAME(.fini_array.*))
 *(.fini_array*)
 .fini_array    0x0800224c        0x4 C:/ST/STM32CubeIDE_1.19.0/STM32CubeIDE/plugins/com.st.stm32cube.ide.mcu.externaltools.gnu-tools-for-stm32.13.3.rel1.win32_1.0.0.202411081344/tools/bin/../lib/gcc/arm-none-eabi/13.3.1/thumb/v7e-m+fp/hard/crtbegin.o
                [!provide]                        PROVIDE (__fini_array_end = .)
                0x08002250                        . = ALIGN (0x4)
                0x08002250                        _sidata = LOADADDR (.data)

.rel.dyn        0x08002250        0x0
 .rel.iplt      0x08002250        0x0 C:/ST/STM32CubeIDE_1.19.0/STM32CubeIDE/plugins/com.st.stm32cube.ide.mcu.externaltools.gnu-tools-for-stm32.13.3.rel1.win32_1.0.0.202411081344/tools/bin/../lib/gcc/arm-none-eabi/13.3.1/thumb/v7e-m+fp/hard/crtbegin.o

.data           0x20000000       0x10 load address 0x08002250
                0x20000000                        . = ALIGN (0x4)
                0x20000000                        _sdata = .
 *(.data)
 *(.data*)
 .data.drip_time
                0x20000000        0x1 ./Core/Src/LCD.o
                0x20000000                drip_time
 *fill*         0x20000001        0x3 
 .data.SystemCoreClock
                0x20000004        0x4 ./Core/Src/system_stm32f4xx.o
                0x20000004                SystemCoreClock
 .data.uwTickPrio
                0x20000008        0x4 ./Drivers/STM32F4xx_HAL_Driver/Src/stm32f4xx_hal.o
                0x20000008                uwTickPrio
 .data.uwTickFreq
                0x2000000c        0x1 ./Drivers/STM32F4xx_HAL_Driver/Src/stm32f4xx_hal.o
                0x2000000c                uwTickFreq
 *(.RamFunc)
 *(.RamFunc*)
                0x20000010                        . = ALIGN (0x4)
 *fill*         0x2000000d        0x3 
                0x20000010                        _edata = .

.igot.plt       0x20000010        0x0 load address 0x08002260
 .igot.plt      0x20000010        0x0 C:/ST/STM32CubeIDE_1.19.0/STM32CubeIDE/plugins/com.st.stm32cube.ide.mcu.externaltools.gnu-tools-for-stm32.13.3.rel1.win32_1.0.0.202411081344/tools/bin/../lib/gcc/arm-none-eabi/13.3.1/thumb/v7e-m+fp/hard/crtbegin.o
                0x20000010                        . = ALIGN (0x4)

.bss            0x20000010       0x28 load address 0x08002260
                0x20000010                        _sbss = .
                0x20000010                        __bss_start__ = _sbss
 *(.bss)
 .bss           0x20000010       0x1c C:/ST/STM32CubeIDE_1.19.0/STM32CubeIDE/plugins/com.st.stm32cube.ide.mcu.externaltools.gnu-tools-for-stm32.13.3.rel1.win32_1.0.0.202411081344/tools/bin/../lib/gcc/arm-none-eabi/13.3.1/thumb/v7e-m+fp/hard/crtbegin.o
 *(.bss*)
 .bss.menu_state
                0x2000002c        0x1 ./Core/Src/LCD.o
                0x2000002c                menu_state
 .bss.fan_mode  0x2000002d        0x1 ./Core/Src/LCD.o
                0x2000002d                fan_mode
 .bss.display_on
                0x2000002e        0x1 ./Core/Src/initialization.o
                0x2000002e                display_on
 .bss.DRIP_TOGGLE_PIN
                0x2000002f        0x1 ./Core/Src/initialization.o
                0x2000002f                DRIP_TOGGLE_PIN
 .bss.FAN_TOGGLE_PIN
                0x20000030        0x1 ./Core/Src/initialization.o
                0x20000030                FAN_TOGGLE_PIN
 .bss.last_exti1_state
                0x20000031        0x1 ./Core/Src/initialization.o
                0x20000031                last_exti1_state
 .bss.last_exti2_state
                0x20000032        0x1 ./Core/Src/initialization.o
                0x20000032                last_exti2_state
 .bss.last_exti3_state
                0x20000033        0x1 ./Core/Src/initialization.o
                0x20000033                last_exti3_state
 .bss.uwTick    0x20000034        0x4 ./Drivers/STM32F4xx_HAL_Driver/Src/stm32f4xx_hal.o
                0x20000034                uwTick
 *(COMMON)
                0x20000038                        . = ALIGN (0x4)
                0x20000038                        _ebss = .
                0x20000038                        __bss_end__ = _ebss

._user_heap_stack
                0x20000038      0x600 load address 0x08002260
                0x20000038                        . = ALIGN (0x8)
                [!provide]                        PROVIDE (end = .)
                0x20000038                        PROVIDE (_end = .)
                0x20000238                        . = (. + _Min_Heap_Size)
 *fill*         0x20000038      0x200 
                0x20000638                        . = (. + _Min_Stack_Size)
 *fill*         0x20000238      0x400 
                0x20000638                        . = ALIGN (0x8)

/DISCARD/
 libc.a(*)
 libm.a(*)
 libgcc.a(*)

.ARM.attributes
                0x00000000       0x30
 *(.ARM.attributes)
 .ARM.attributes
                0x00000000       0x22 C:/ST/STM32CubeIDE_1.19.0/STM32CubeIDE/plugins/com.st.stm32cube.ide.mcu.externaltools.gnu-tools-for-stm32.13.3.rel1.win32_1.0.0.202411081344/tools/bin/../lib/gcc/arm-none-eabi/13.3.1/thumb/v7e-m+fp/hard/crti.o
 .ARM.attributes
                0x00000022       0x34 C:/ST/STM32CubeIDE_1.19.0/STM32CubeIDE/plugins/com.st.stm32cube.ide.mcu.externaltools.gnu-tools-for-stm32.13.3.rel1.win32_1.0.0.202411081344/tools/bin/../lib/gcc/arm-none-eabi/13.3.1/thumb/v7e-m+fp/hard/crtbegin.o
 .ARM.attributes
                0x00000056       0x34 ./Core/Src/Functions.o
 .ARM.attributes
                0x0000008a       0x34 ./Core/Src/LCD.o
 .ARM.attributes
                0x000000be       0x34 ./Core/Src/initialization.o
 .ARM.attributes
                0x000000f2       0x34 ./Core/Src/main.o
 .ARM.attributes
                0x00000126       0x34 ./Core/Src/stm32f4xx_it.o
 .ARM.attributes
                0x0000015a       0x34 ./Core/Src/system_stm32f4xx.o
 .ARM.attributes
                0x0000018e       0x21 ./Core/Startup/startup_stm32f401retx.o
 .ARM.attributes
                0x000001af       0x34 ./Drivers/STM32F4xx_HAL_Driver/Src/stm32f4xx_hal.o
 .ARM.attributes
                0x000001e3       0x34 ./Drivers/STM32F4xx_HAL_Driver/Src/stm32f4xx_hal_cortex.o
 .ARM.attributes
                0x00000217       0x34 ./Drivers/STM32F4xx_HAL_Driver/Src/stm32f4xx_hal_rcc.o
 .ARM.attributes
                0x0000024b       0x34 C:/ST/STM32CubeIDE_1.19.0/STM32CubeIDE/plugins/com.st.stm32cube.ide.mcu.externaltools.gnu-tools-for-stm32.13.3.rel1.win32_1.0.0.202411081344/tools/bin/../lib/gcc/arm-none-eabi/13.3.1/../../../../arm-none-eabi/lib/thumb/v7e-m+fp/hard\libc_nano.a(libc_a-memset.o)
 .ARM.attributes
                0x0000027f       0x34 C:/ST/STM32CubeIDE_1.19.0/STM32CubeIDE/plugins/com.st.stm32cube.ide.mcu.externaltools.gnu-tools-for-stm32.13.3.rel1.win32_1.0.0.202411081344/tools/bin/../lib/gcc/arm-none-eabi/13.3.1/../../../../arm-none-eabi/lib/thumb/v7e-m+fp/hard\libc_nano.a(libc_a-init.o)
 .ARM.attributes
                0x000002b3       0x22 C:/ST/STM32CubeIDE_1.19.0/STM32CubeIDE/plugins/com.st.stm32cube.ide.mcu.externaltools.gnu-tools-for-stm32.13.3.rel1.win32_1.0.0.202411081344/tools/bin/../lib/gcc/arm-none-eabi/13.3.1/thumb/v7e-m+fp/hard\libgcc.a(_aeabi_uldivmod.o)
 .ARM.attributes
                0x000002d5       0x34 C:/ST/STM32CubeIDE_1.19.0/STM32CubeIDE/plugins/com.st.stm32cube.ide.mcu.externaltools.gnu-tools-for-stm32.13.3.rel1.win32_1.0.0.202411081344/tools/bin/../lib/gcc/arm-none-eabi/13.3.1/thumb/v7e-m+fp/hard\libgcc.a(_udivmoddi4.o)
 .ARM.attributes
                0x00000309       0x22 C:/ST/STM32CubeIDE_1.19.0/STM32CubeIDE/plugins/com.st.stm32cube.ide.mcu.externaltools.gnu-tools-for-stm32.13.3.rel1.win32_1.0.0.202411081344/tools/bin/../lib/gcc/arm-none-eabi/13.3.1/thumb/v7e-m+fp/hard\libgcc.a(_dvmd_tls.o)
 .ARM.attributes
                0x0000032b       0x22 C:/ST/STM32CubeIDE_1.19.0/STM32CubeIDE/plugins/com.st.stm32cube.ide.mcu.externaltools.gnu-tools-for-stm32.13.3.rel1.win32_1.0.0.202411081344/tools/bin/../lib/gcc/arm-none-eabi/13.3.1/thumb/v7e-m+fp/hard/crtn.o
OUTPUT(ARM_project.elf elf32-littlearm)
LOAD linker stubs
LOAD C:/ST/STM32CubeIDE_1.19.0/STM32CubeIDE/plugins/com.st.stm32cube.ide.mcu.externaltools.gnu-tools-for-stm32.13.3.rel1.win32_1.0.0.202411081344/tools/bin/../lib/gcc/arm-none-eabi/13.3.1/../../../../arm-none-eabi/lib/thumb/v7e-m+fp/hard\libc.a
LOAD C:/ST/STM32CubeIDE_1.19.0/STM32CubeIDE/plugins/com.st.stm32cube.ide.mcu.externaltools.gnu-tools-for-stm32.13.3.rel1.win32_1.0.0.202411081344/tools/bin/../lib/gcc/arm-none-eabi/13.3.1/../../../../arm-none-eabi/lib/thumb/v7e-m+fp/hard\libm.a
LOAD C:/ST/STM32CubeIDE_1.19.0/STM32CubeIDE/plugins/com.st.stm32cube.ide.mcu.externaltools.gnu-tools-for-stm32.13.3.rel1.win32_1.0.0.202411081344/tools/bin/../lib/gcc/arm-none-eabi/13.3.1/thumb/v7e-m+fp/hard\libgcc.a

.debug_info     0x00000000     0x47bc
 .debug_info    0x00000000      0x61e ./Core/Src/Functions.o
 .debug_info    0x0000061e      0x639 ./Core/Src/LCD.o
 .debug_info    0x00000c57      0xf44 ./Core/Src/initialization.o
 .debug_info    0x00001b9b      0x6eb ./Core/Src/main.o
 .debug_info    0x00002286      0x112 ./Core/Src/stm32f4xx_it.o
 .debug_info    0x00002398      0x53e ./Core/Src/system_stm32f4xx.o
 .debug_info    0x000028d6       0x30 ./Core/Startup/startup_stm32f401retx.o
 .debug_info    0x00002906      0x8bb ./Drivers/STM32F4xx_HAL_Driver/Src/stm32f4xx_hal.o
 .debug_info    0x000031c1      0xcf6 ./Drivers/STM32F4xx_HAL_Driver/Src/stm32f4xx_hal_cortex.o
 .debug_info    0x00003eb7      0x905 ./Drivers/STM32F4xx_HAL_Driver/Src/stm32f4xx_hal_rcc.o

.debug_abbrev   0x00000000     0x12ff
 .debug_abbrev  0x00000000      0x1a7 ./Core/Src/Functions.o
 .debug_abbrev  0x000001a7      0x252 ./Core/Src/LCD.o
 .debug_abbrev  0x000003f9      0x327 ./Core/Src/initialization.o
 .debug_abbrev  0x00000720      0x210 ./Core/Src/main.o
 .debug_abbrev  0x00000930       0x73 ./Core/Src/stm32f4xx_it.o
 .debug_abbrev  0x000009a3      0x11a ./Core/Src/system_stm32f4xx.o
 .debug_abbrev  0x00000abd       0x24 ./Core/Startup/startup_stm32f401retx.o
 .debug_abbrev  0x00000ae1      0x24b ./Drivers/STM32F4xx_HAL_Driver/Src/stm32f4xx_hal.o
 .debug_abbrev  0x00000d2c      0x31d ./Drivers/STM32F4xx_HAL_Driver/Src/stm32f4xx_hal_cortex.o
 .debug_abbrev  0x00001049      0x2b6 ./Drivers/STM32F4xx_HAL_Driver/Src/stm32f4xx_hal_rcc.o

.debug_aranges  0x00000000      0x508
 .debug_aranges
                0x00000000       0x38 ./Core/Src/Functions.o
 .debug_aranges
                0x00000038       0xb8 ./Core/Src/LCD.o
 .debug_aranges
                0x000000f0       0x90 ./Core/Src/initialization.o
 .debug_aranges
                0x00000180       0x30 ./Core/Src/main.o
 .debug_aranges
                0x000001b0       0x60 ./Core/Src/stm32f4xx_it.o
 .debug_aranges
                0x00000210       0x28 ./Core/Src/system_stm32f4xx.o
 .debug_aranges
                0x00000238       0x28 ./Core/Startup/startup_stm32f401retx.o
 .debug_aranges
                0x00000260       0xf0 ./Drivers/STM32F4xx_HAL_Driver/Src/stm32f4xx_hal.o
 .debug_aranges
                0x00000350      0x130 ./Drivers/STM32F4xx_HAL_Driver/Src/stm32f4xx_hal_cortex.o
 .debug_aranges
                0x00000480       0x88 ./Drivers/STM32F4xx_HAL_Driver/Src/stm32f4xx_hal_rcc.o

.debug_rnglists
                0x00000000      0x3cc
 .debug_rnglists
                0x00000000       0x27 ./Core/Src/Functions.o
 .debug_rnglists
                0x00000027       0x87 ./Core/Src/LCD.o
 .debug_rnglists
                0x000000ae       0x92 ./Core/Src/initialization.o
 .debug_rnglists
                0x00000140       0x21 ./Core/Src/main.o
 .debug_rnglists
                0x00000161       0x43 ./Core/Src/stm32f4xx_it.o
 .debug_rnglists
                0x000001a4       0x1a ./Core/Src/system_stm32f4xx.o
 .debug_rnglists
                0x000001be       0x19 ./Core/Startup/startup_stm32f401retx.o
 .debug_rnglists
                0x000001d7       0xaf ./Drivers/STM32F4xx_HAL_Driver/Src/stm32f4xx_hal.o
 .debug_rnglists
                0x00000286       0xe0 ./Drivers/STM32F4xx_HAL_Driver/Src/stm32f4xx_hal_cortex.o
 .debug_rnglists
                0x00000366       0x66 ./Drivers/STM32F4xx_HAL_Driver/Src/stm32f4xx_hal_rcc.o

.debug_macro    0x00000000    0x144c7
 .debug_macro   0x00000000      0x1c9 ./Core/Src/Functions.o
 .debug_macro   0x000001c9      0xad8 ./Core/Src/Functions.o
 .debug_macro   0x00000ca1       0x2e ./Core/Src/Functions.o
 .debug_macro   0x00000ccf       0x28 ./Core/Src/Functions.o
 .debug_macro   0x00000cf7       0x22 ./Core/Src/Functions.o
 .debug_macro   0x00000d19       0x8e ./Core/Src/Functions.o
 .debug_macro   0x00000da7       0x51 ./Core/Src/Functions.o
 .debug_macro   0x00000df8      0x103 ./Core/Src/Functions.o
 .debug_macro   0x00000efb       0x6a ./Core/Src/Functions.o
 .debug_macro   0x00000f65      0x1df ./Core/Src/Functions.o
 .debug_macro   0x00001144       0x1c ./Core/Src/Functions.o
 .debug_macro   0x00001160       0x22 ./Core/Src/Functions.o
 .debug_macro   0x00001182       0xfb ./Core/Src/Functions.o
 .debug_macro   0x0000127d     0x1011 ./Core/Src/Functions.o
 .debug_macro   0x0000228e      0x11f ./Core/Src/Functions.o
 .debug_macro   0x000023ad     0xb881 ./Core/Src/Functions.o
 .debug_macro   0x0000dc2e       0x6d ./Core/Src/Functions.o
 .debug_macro   0x0000dc9b      0x28f ./Core/Src/Functions.o
 .debug_macro   0x0000df2a     0x3693 ./Core/Src/Functions.o
 .debug_macro   0x000115bd      0x190 ./Core/Src/Functions.o
 .debug_macro   0x0001174d       0x5c ./Core/Src/Functions.o
 .debug_macro   0x000117a9      0x416 ./Core/Src/Functions.o
 .debug_macro   0x00011bbf      0x9e9 ./Core/Src/Functions.o
 .debug_macro   0x000125a8      0x115 ./Core/Src/Functions.o
 .debug_macro   0x000126bd       0xf8 ./Core/Src/Functions.o
 .debug_macro   0x000127b5       0xa5 ./Core/Src/Functions.o
 .debug_macro   0x0001285a      0x15f ./Core/Src/Functions.o
 .debug_macro   0x000129b9      0x287 ./Core/Src/Functions.o
 .debug_macro   0x00012c40       0x5f ./Core/Src/Functions.o
 .debug_macro   0x00012c9f      0x236 ./Core/Src/Functions.o
 .debug_macro   0x00012ed5      0x132 ./Core/Src/Functions.o
 .debug_macro   0x00013007      0x264 ./Core/Src/Functions.o
 .debug_macro   0x0001326b       0x2e ./Core/Src/Functions.o
 .debug_macro   0x00013299      0x127 ./Core/Src/Functions.o
 .debug_macro   0x000133c0       0x85 ./Core/Src/Functions.o
 .debug_macro   0x00013445       0x89 ./Core/Src/Functions.o
 .debug_macro   0x000134ce      0x126 ./Core/Src/Functions.o
 .debug_macro   0x000135f4       0x22 ./Core/Src/Functions.o
 .debug_macro   0x00013616      0x1eb ./Core/Src/LCD.o
 .debug_macro   0x00013801      0x1dd ./Core/Src/initialization.o
 .debug_macro   0x000139de      0x1e1 ./Core/Src/main.o
 .debug_macro   0x00013bbf      0x1c4 ./Core/Src/stm32f4xx_it.o
 .debug_macro   0x00013d83      0x1b0 ./Core/Src/system_stm32f4xx.o
 .debug_macro   0x00013f33      0x210 ./Drivers/STM32F4xx_HAL_Driver/Src/stm32f4xx_hal.o
 .debug_macro   0x00014143      0x1b0 ./Drivers/STM32F4xx_HAL_Driver/Src/stm32f4xx_hal_cortex.o
 .debug_macro   0x000142f3      0x1d4 ./Drivers/STM32F4xx_HAL_Driver/Src/stm32f4xx_hal_rcc.o

.debug_line     0x00000000     0x5c41
 .debug_line    0x00000000      0x82e ./Core/Src/Functions.o
 .debug_line    0x0000082e      0xb00 ./Core/Src/LCD.o
 .debug_line    0x0000132e      0xcaa ./Core/Src/initialization.o
 .debug_line    0x00001fd8      0x826 ./Core/Src/main.o
 .debug_line    0x000027fe      0x7ac ./Core/Src/stm32f4xx_it.o
 .debug_line    0x00002faa      0x773 ./Core/Src/system_stm32f4xx.o
 .debug_line    0x0000371d       0x7a ./Core/Startup/startup_stm32f401retx.o
 .debug_line    0x00003797      0x9ef ./Drivers/STM32F4xx_HAL_Driver/Src/stm32f4xx_hal.o
 .debug_line    0x00004186      0xcbf ./Drivers/STM32F4xx_HAL_Driver/Src/stm32f4xx_hal_cortex.o
 .debug_line    0x00004e45      0xdfc ./Drivers/STM32F4xx_HAL_Driver/Src/stm32f4xx_hal_rcc.o

.debug_str      0x00000000    0x7eeb3
 .debug_str     0x00000000    0x7eeb3 ./Core/Src/Functions.o
                              0x7d893 (size before relaxing)
 .debug_str     0x0007eeb3    0x7d889 ./Core/Src/LCD.o
 .debug_str     0x0007eeb3    0x7df3e ./Core/Src/initialization.o
 .debug_str     0x0007eeb3    0x7da1c ./Core/Src/main.o
 .debug_str     0x0007eeb3    0x7d667 ./Core/Src/stm32f4xx_it.o
 .debug_str     0x0007eeb3    0x7d7a3 ./Core/Src/system_stm32f4xx.o
 .debug_str     0x0007eeb3       0x83 ./Core/Startup/startup_stm32f401retx.o
 .debug_str     0x0007eeb3    0x7e1c5 ./Drivers/STM32F4xx_HAL_Driver/Src/stm32f4xx_hal.o
 .debug_str     0x0007eeb3    0x7df2f ./Drivers/STM32F4xx_HAL_Driver/Src/stm32f4xx_hal_cortex.o
 .debug_str     0x0007eeb3    0x7dbd7 ./Drivers/STM32F4xx_HAL_Driver/Src/stm32f4xx_hal_rcc.o

.comment        0x00000000       0x43
 .comment       0x00000000       0x43 ./Core/Src/Functions.o
                                 0x44 (size before relaxing)
 .comment       0x00000043       0x44 ./Core/Src/LCD.o
 .comment       0x00000043       0x44 ./Core/Src/initialization.o
 .comment       0x00000043       0x44 ./Core/Src/main.o
 .comment       0x00000043       0x44 ./Core/Src/stm32f4xx_it.o
 .comment       0x00000043       0x44 ./Core/Src/system_stm32f4xx.o
 .comment       0x00000043       0x44 ./Drivers/STM32F4xx_HAL_Driver/Src/stm32f4xx_hal.o
 .comment       0x00000043       0x44 ./Drivers/STM32F4xx_HAL_Driver/Src/stm32f4xx_hal_cortex.o
 .comment       0x00000043       0x44 ./Drivers/STM32F4xx_HAL_Driver/Src/stm32f4xx_hal_rcc.o

.debug_frame    0x00000000     0x126c
 .debug_frame   0x00000000       0xa8 ./Core/Src/Functions.o
 .debug_frame   0x000000a8      0x2c4 ./Core/Src/LCD.o
 .debug_frame   0x0000036c      0x21c ./Core/Src/initialization.o
 .debug_frame   0x00000588       0x6c ./Core/Src/main.o
 .debug_frame   0x000005f4      0x104 ./Core/Src/stm32f4xx_it.o
 .debug_frame   0x000006f8       0x58 ./Core/Src/system_stm32f4xx.o
 .debug_frame   0x00000750      0x374 ./Drivers/STM32F4xx_HAL_Driver/Src/stm32f4xx_hal.o
 .debug_frame   0x00000ac4      0x508 ./Drivers/STM32F4xx_HAL_Driver/Src/stm32f4xx_hal_cortex.o
 .debug_frame   0x00000fcc      0x1f4 ./Drivers/STM32F4xx_HAL_Driver/Src/stm32f4xx_hal_rcc.o
 .debug_frame   0x000011c0       0x20 C:/ST/STM32CubeIDE_1.19.0/STM32CubeIDE/plugins/com.st.stm32cube.ide.mcu.externaltools.gnu-tools-for-stm32.13.3.rel1.win32_1.0.0.202411081344/tools/bin/../lib/gcc/arm-none-eabi/13.3.1/../../../../arm-none-eabi/lib/thumb/v7e-m+fp/hard\libc_nano.a(libc_a-memset.o)
 .debug_frame   0x000011e0       0x2c C:/ST/STM32CubeIDE_1.19.0/STM32CubeIDE/plugins/com.st.stm32cube.ide.mcu.externaltools.gnu-tools-for-stm32.13.3.rel1.win32_1.0.0.202411081344/tools/bin/../lib/gcc/arm-none-eabi/13.3.1/../../../../arm-none-eabi/lib/thumb/v7e-m+fp/hard\libc_nano.a(libc_a-init.o)
 .debug_frame   0x0000120c       0x2c C:/ST/STM32CubeIDE_1.19.0/STM32CubeIDE/plugins/com.st.stm32cube.ide.mcu.externaltools.gnu-tools-for-stm32.13.3.rel1.win32_1.0.0.202411081344/tools/bin/../lib/gcc/arm-none-eabi/13.3.1/thumb/v7e-m+fp/hard\libgcc.a(_aeabi_uldivmod.o)
 .debug_frame   0x00001238       0x34 C:/ST/STM32CubeIDE_1.19.0/STM32CubeIDE/plugins/com.st.stm32cube.ide.mcu.externaltools.gnu-tools-for-stm32.13.3.rel1.win32_1.0.0.202411081344/tools/bin/../lib/gcc/arm-none-eabi/13.3.1/thumb/v7e-m+fp/hard\libgcc.a(_udivmoddi4.o)

.debug_line_str
                0x00000000       0x67
 .debug_line_str
                0x00000000       0x67 ./Core/Startup/startup_stm32f401retx.o
