../Drivers/CMSIS/Include/core_cm4.h:1684:22:__NVIC_EnableIRQ	16	static,ignoring_inline_asm
../Drivers/CMSIS/Include/core_cm4.h:1814:22:__NVIC_SetPriority	16	static
../Drivers/CMSIS/Include/core_cm4.h:1938:34:__NVIC_SystemReset	4	static,ignoring_inline_asm
../Core/Src/initialization.c:19:6:test_led	4	static
../Core/Src/initialization.c:25:6:GPIO_configuration	8	static
../Core/Src/initialization.c:75:6:EXTI0_IRQHandler	16	static
../Core/Src/initialization.c:95:6:EXTI1_IRQHandler	16	static
../Core/Src/initialization.c:113:6:EXTI9_5_IRQHandler	16	static
../Core/Src/initialization.c:138:6:timer_init	4	static
../Core/Src/initialization.c:146:6:RTC_configuration	16	static
../Core/Src/initialization.c:166:6:RTC_intrupt	24	static
../Core/Src/initialization.c:186:6:RTC_Alarm_IRQHandler	4	static
