../Drivers/CMSIS/Include/core_cm4.h:1684:22:__NVIC_EnableIRQ	16	static,ignoring_inline_asm
../Drivers/CMSIS/Include/core_cm4.h:1814:22:__NVIC_SetPriority	16	static
../Drivers/CMSIS/Include/core_cm4.h:1938:34:__NVIC_SystemReset	4	static,ignoring_inline_asm
../Core/Src/initialization.c:17:6:test_led	4	static
../Core/Src/initialization.c:23:6:GPIO_configuration	8	static
../Core/Src/initialization.c:72:6:EXTI0_IRQHandler	8	static
../Core/Src/initialization.c:84:6:EXTI1_IRQHandler	16	static
../Core/Src/initialization.c:96:6:EXTI2_IRQHandler	16	static
../Core/Src/initialization.c:108:6:EXTI3_IRQHandler	16	static
../Core/Src/initialization.c:121:6:timer_init	4	static
../Core/Src/initialization.c:129:6:RTC_configuration	16	static
../Core/Src/initialization.c:149:6:RTC_intrupt	24	static
../Core/Src/initialization.c:169:6:RTC_Alarm_IRQHandler	4	static
